// Jest Snapshot v1, https://goo.gl/fbAQLP

exports[`Base render 1`] = `
<ImageDangling
  src="https://github.com/image-component/gallery/blob/main/girl/1.jpg?raw=true"
>
  <div
    className="react-image-dangling"
    onMouseLeave={[Function]}
    onMouseMove={[Function]}
    onMouseOver={[Function]}
    style={Object {}}
  >
    <div
      className="react-image-dangling-card"
      style={Object {}}
    />
    <img
      className="react-image-dangling-img"
      src="https://github.com/image-component/gallery/blob/main/girl/1.jpg?raw=true"
      style={
        Object {
          "borderRadius": "8px",
        }
      }
      width={300}
    />
  </div>
</ImageDangling>
`;
