// Jest Snapshot v1, https://goo.gl/fbAQLP

exports[`temp render 1`] = `
<Temp>
  <h2>
    <div>
      HI
    </div>
  </h2>
</Temp>
`;
